// Jest Snapshot v1, https://goo.gl/fbAQLP

exports[`Kitten should match snapshot2 1`] = `
Array [
  <p>
    something
  </p>,
  <img
    alt="something"
    src="/"
  />,
]
`;
